../Middlewares/Third_Party/onsemi_Network_onsemi_T1S/onsemi_T1S/Source/NCN26010.c:256:33:OS_WaitUntilISR	8	static
../Middlewares/Third_Party/onsemi_Network_onsemi_T1S/onsemi_T1S/Source/NCN26010.c:261:33:OS_SetDataReadyCallback	16	static
../Middlewares/Third_Party/onsemi_Network_onsemi_T1S/onsemi_T1S/Source/NCN26010.c:266:33:OS_Init	4	static
../Middlewares/Third_Party/onsemi_Network_onsemi_T1S/onsemi_T1S/Source/NCN26010.c:270:29:OS_Start	8	static
../Middlewares/Third_Party/onsemi_Network_onsemi_T1S/onsemi_T1S/Source/NCN26010.c:279:6:DataReadyCallback	16	static
../Middlewares/Third_Party/onsemi_Network_onsemi_T1S/onsemi_T1S/Source/NCN26010.c:288:10:NCN26010_Init	8	static
../Middlewares/Third_Party/onsemi_Network_onsemi_T1S/onsemi_T1S/Source/NCN26010.c:319:10:get_internal_MAC_address	40	static
../Middlewares/Third_Party/onsemi_Network_onsemi_T1S/onsemi_T1S/Source/NCN26010.c:372:10:ConfigureMACPHY	16	static
../Middlewares/Third_Party/onsemi_Network_onsemi_T1S/onsemi_T1S/Source/NCN26010.c:430:6:CheckIfFCSEnabled	16	static
../Middlewares/Third_Party/onsemi_Network_onsemi_T1S/onsemi_T1S/Source/NCN26010.c:449:10:FCS_Calculator	32	static
../Middlewares/Third_Party/onsemi_Network_onsemi_T1S/onsemi_T1S/Source/NCN26010.c:477:6:GetParity	16	static
../Middlewares/Third_Party/onsemi_Network_onsemi_T1S/onsemi_T1S/Source/NCN26010.c:485:6:ConvertEndianness	24	static
../Middlewares/Third_Party/onsemi_Network_onsemi_T1S/onsemi_T1S/Source/NCN26010.c:503:6:T1S_WriteMACPHYReg	1200	static
../Middlewares/Third_Party/onsemi_Network_onsemi_T1S/onsemi_T1S/Source/NCN26010.c:649:6:T1S_ReadMACPHYReg	40	static
../Middlewares/Third_Party/onsemi_Network_onsemi_T1S/onsemi_T1S/Source/NCN26010.c:724:10:T1S_RegRead	1048	static
../Middlewares/Third_Party/onsemi_Network_onsemi_T1S/onsemi_T1S/Source/NCN26010.c:745:10:T1S_RegWrite	536	static
../Middlewares/Third_Party/onsemi_Network_onsemi_T1S/onsemi_T1S/Source/NCN26010.c:765:10:T1S_ClearStatus	16	static
../Middlewares/Third_Party/onsemi_Network_onsemi_T1S/onsemi_T1S/Source/NCN26010.c:780:10:T1S_Transmit	4272	static
../Middlewares/Third_Party/onsemi_Network_onsemi_T1S/onsemi_T1S/Source/NCN26010.c:1007:10:T1S_Receive	4296	static
../Middlewares/Third_Party/onsemi_Network_onsemi_T1S/onsemi_T1S/Source/NCN26010.c:1214:6:ReadBufferStatusReg	1040	static
../Middlewares/Third_Party/onsemi_Network_onsemi_T1S/onsemi_T1S/Source/NCN26010.c:1241:10:CheckRCABuffAndReceiveData	40	static
../Middlewares/Third_Party/onsemi_Network_onsemi_T1S/onsemi_T1S/Source/NCN26010.c:1283:10:NCN26010_Loop	16	static
../Middlewares/Third_Party/onsemi_Network_onsemi_T1S/onsemi_T1S/Source/NCN26010.c:1309:10:NCN26010_Exit	4	static
../Middlewares/Third_Party/onsemi_Network_onsemi_T1S/onsemi_T1S/Source/NCN26010.c:1316:10:T1S_ConfigurePLCA	16	static
../Middlewares/Third_Party/onsemi_Network_onsemi_T1S/onsemi_T1S/Source/NCN26010.c:1331:6:T1S_InterpretEthernetTypeFrame	2080	static
../Middlewares/Third_Party/onsemi_Network_onsemi_T1S/onsemi_T1S/Source/NCN26010.c:1496:6:T1S_RemoteRegWrite	128	static
../Middlewares/Third_Party/onsemi_Network_onsemi_T1S/onsemi_T1S/Source/NCN26010.c:1552:6:T1S_RemoteRegRead	120	static
../Middlewares/Third_Party/onsemi_Network_onsemi_T1S/onsemi_T1S/Source/NCN26010.c:1606:10:T1S_SendRemoteConfiguration	232	static
