../Middlewares/Third_Party/onsemi_Network_onsemi_T1S/onsemi_T1S/FreeRTOS-Plus-TCP/include/FreeRTOS_IP.h:242:35:FreeRTOS_min_int32	16	static
../Middlewares/Third_Party/onsemi_Network_onsemi_T1S/onsemi_T1S/FreeRTOS-Plus-TCP/include/FreeRTOS_IP.h:247:36:FreeRTOS_min_uint32	16	static
../Middlewares/Third_Party/onsemi_Network_onsemi_T1S/onsemi_T1S/FreeRTOS-Plus-TCP/source/FreeRTOS_TCP_WIN.c:69:23:vCastPointerTo_TCPSegment_t	16	static
../Middlewares/Third_Party/onsemi_Network_onsemi_T1S/onsemi_T1S/FreeRTOS-Plus-TCP/source/FreeRTOS_TCP_WIN.c:250:38:xSequenceLessThanOrEqual	24	static
../Middlewares/Third_Party/onsemi_Network_onsemi_T1S/onsemi_T1S/FreeRTOS-Plus-TCP/source/FreeRTOS_TCP_WIN.c:285:38:xSequenceLessThan	24	static
../Middlewares/Third_Party/onsemi_Network_onsemi_T1S/onsemi_T1S/FreeRTOS-Plus-TCP/source/FreeRTOS_TCP_WIN.c:318:38:xSequenceGreaterThan	24	static
../Middlewares/Third_Party/onsemi_Network_onsemi_T1S/onsemi_T1S/FreeRTOS-Plus-TCP/source/FreeRTOS_TCP_WIN.c:351:34:xSequenceGreaterThanOrEqual	24	static
../Middlewares/Third_Party/onsemi_Network_onsemi_T1S/onsemi_T1S/FreeRTOS-Plus-TCP/source/FreeRTOS_TCP_WIN.c:380:32:vListInsertFifo	16	static
../Middlewares/Third_Party/onsemi_Network_onsemi_T1S/onsemi_T1S/FreeRTOS-Plus-TCP/source/FreeRTOS_TCP_WIN.c:395:28:vTCPTimerSet	16	static
../Middlewares/Third_Party/onsemi_Network_onsemi_T1S/onsemi_T1S/FreeRTOS-Plus-TCP/source/FreeRTOS_TCP_WIN.c:410:32:ulTimerGetAge	16	static
../Middlewares/Third_Party/onsemi_Network_onsemi_T1S/onsemi_T1S/FreeRTOS-Plus-TCP/source/FreeRTOS_TCP_WIN.c:423:10:vListInsertGeneric	24	static
../Middlewares/Third_Party/onsemi_Network_onsemi_T1S/onsemi_T1S/FreeRTOS-Plus-TCP/source/FreeRTOS_TCP_WIN.c:449:27:prvCreateSectors	16	static
../Middlewares/Third_Party/onsemi_Network_onsemi_T1S/onsemi_T1S/FreeRTOS-Plus-TCP/source/FreeRTOS_TCP_WIN.c:500:31:xTCPWindowRxFind	32	static
../Middlewares/Third_Party/onsemi_Network_onsemi_T1S/onsemi_T1S/FreeRTOS-Plus-TCP/source/FreeRTOS_TCP_WIN.c:542:31:xTCPWindowNew	48	static,ignoring_inline_asm
../Middlewares/Third_Party/onsemi_Network_onsemi_T1S/onsemi_T1S/FreeRTOS-Plus-TCP/source/FreeRTOS_TCP_WIN.c:619:20:xTCPWindowRxEmpty	24	static
../Middlewares/Third_Party/onsemi_Network_onsemi_T1S/onsemi_T1S/FreeRTOS-Plus-TCP/source/FreeRTOS_TCP_WIN.c:663:31:xTCPWindowGetHead	24	static
../Middlewares/Third_Party/onsemi_Network_onsemi_T1S/onsemi_T1S/FreeRTOS-Plus-TCP/source/FreeRTOS_TCP_WIN.c:696:31:xTCPWindowPeekHead	24	static
../Middlewares/Third_Party/onsemi_Network_onsemi_T1S/onsemi_T1S/FreeRTOS-Plus-TCP/source/FreeRTOS_TCP_WIN.c:725:21:vTCPWindowFree	16	static
../Middlewares/Third_Party/onsemi_Network_onsemi_T1S/onsemi_T1S/FreeRTOS-Plus-TCP/source/FreeRTOS_TCP_WIN.c:761:14:vTCPWindowDestroy	32	static
../Middlewares/Third_Party/onsemi_Network_onsemi_T1S/onsemi_T1S/FreeRTOS-Plus-TCP/source/FreeRTOS_TCP_WIN.c:807:10:vTCPWindowCreate	24	static
../Middlewares/Third_Party/onsemi_Network_onsemi_T1S/onsemi_T1S/FreeRTOS-Plus-TCP/source/FreeRTOS_TCP_WIN.c:853:10:vTCPWindowInit	32	static
../Middlewares/Third_Party/onsemi_Network_onsemi_T1S/onsemi_T1S/FreeRTOS-Plus-TCP/source/FreeRTOS_TCP_WIN.c:915:14:vTCPSegmentCleanup	8	static
../Middlewares/Third_Party/onsemi_Network_onsemi_T1S/onsemi_T1S/FreeRTOS-Plus-TCP/source/FreeRTOS_TCP_WIN.c:957:31:xTCPWindowRxConfirm	48	static
../Middlewares/Third_Party/onsemi_Network_onsemi_T1S/onsemi_T1S/FreeRTOS-Plus-TCP/source/FreeRTOS_TCP_WIN.c:1027:17:lTCPWindowRxCheck	56	static
../Middlewares/Third_Party/onsemi_Network_onsemi_T1S/onsemi_T1S/FreeRTOS-Plus-TCP/source/FreeRTOS_TCP_WIN.c:1282:24:lTCPIncrementTxPosition	32	static
../Middlewares/Third_Party/onsemi_Network_onsemi_T1S/onsemi_T1S/FreeRTOS-Plus-TCP/source/FreeRTOS_TCP_WIN.c:1317:17:lTCPWindowTxAdd	48	static
../Middlewares/Third_Party/onsemi_Network_onsemi_T1S/onsemi_T1S/FreeRTOS-Plus-TCP/source/FreeRTOS_TCP_WIN.c:1452:20:xTCPWindowTxDone	16	static
../Middlewares/Third_Party/onsemi_Network_onsemi_T1S/onsemi_T1S/FreeRTOS-Plus-TCP/source/FreeRTOS_TCP_WIN.c:1470:27:prvTCPWindowTxHasSpace	32	static
../Middlewares/Third_Party/onsemi_Network_onsemi_T1S/onsemi_T1S/FreeRTOS-Plus-TCP/source/FreeRTOS_TCP_WIN.c:1541:20:xTCPWindowTxHasData	40	static
../Middlewares/Third_Party/onsemi_Network_onsemi_T1S/onsemi_T1S/FreeRTOS-Plus-TCP/source/FreeRTOS_TCP_WIN.c:1629:18:ulTCPWindowTxGet	48	static,ignoring_inline_asm
../Middlewares/Third_Party/onsemi_Network_onsemi_T1S/onsemi_T1S/FreeRTOS-Plus-TCP/source/FreeRTOS_TCP_WIN.c:1816:25:prvTCPWindowTxCheckAck	64	static
../Middlewares/Third_Party/onsemi_Network_onsemi_T1S/onsemi_T1S/FreeRTOS-Plus-TCP/source/FreeRTOS_TCP_WIN.c:1979:25:prvTCPWindowFastRetransmit	32	static
../Middlewares/Third_Party/onsemi_Network_onsemi_T1S/onsemi_T1S/FreeRTOS-Plus-TCP/source/FreeRTOS_TCP_WIN.c:2054:18:ulTCPWindowTxAck	24	static
../Middlewares/Third_Party/onsemi_Network_onsemi_T1S/onsemi_T1S/FreeRTOS-Plus-TCP/source/FreeRTOS_TCP_WIN.c:2090:18:ulTCPWindowTxSack	32	static
