../Middlewares/Third_Party/onsemi_Network_onsemi_T1S/onsemi_T1S/FreeRTOS-Plus-TCP/include/FreeRTOS_IP.h:237:36:FreeRTOS_max_uint32	16	static
../Middlewares/Third_Party/onsemi_Network_onsemi_T1S/onsemi_T1S/FreeRTOS-Plus-TCP/include/FreeRTOS_IP.h:242:35:FreeRTOS_min_int32	16	static
../Middlewares/Third_Party/onsemi_Network_onsemi_T1S/onsemi_T1S/FreeRTOS-Plus-TCP/include/FreeRTOS_IP.h:247:36:FreeRTOS_min_uint32	16	static
../Middlewares/Third_Party/onsemi_Network_onsemi_T1S/onsemi_T1S/FreeRTOS-Plus-TCP/include/FreeRTOS_IP.h:252:36:FreeRTOS_round_up	16	static
../Middlewares/Third_Party/onsemi_Network_onsemi_T1S/onsemi_T1S/FreeRTOS-Plus-TCP/include/FreeRTOS_IP.h:263:38:FreeRTOS_min_BaseType	16	static
../Middlewares/Third_Party/onsemi_Network_onsemi_T1S/onsemi_T1S/FreeRTOS-Plus-TCP/include/FreeRTOS_Stream_Buffer.h:58:28:vStreamBufferClear	16	static
../Middlewares/Third_Party/onsemi_Network_onsemi_T1S/onsemi_T1S/FreeRTOS-Plus-TCP/include/FreeRTOS_Stream_Buffer.h:72:30:uxStreamBufferSpace	32	static
../Middlewares/Third_Party/onsemi_Network_onsemi_T1S/onsemi_T1S/FreeRTOS-Plus-TCP/include/FreeRTOS_Stream_Buffer.h:93:30:uxStreamBufferDistance	32	static
../Middlewares/Third_Party/onsemi_Network_onsemi_T1S/onsemi_T1S/FreeRTOS-Plus-TCP/include/FreeRTOS_Stream_Buffer.h:112:30:uxStreamBufferGetSpace	24	static
../Middlewares/Third_Party/onsemi_Network_onsemi_T1S/onsemi_T1S/FreeRTOS-Plus-TCP/include/FreeRTOS_Stream_Buffer.h:124:30:uxStreamBufferFrontSpace	24	static
../Middlewares/Third_Party/onsemi_Network_onsemi_T1S/onsemi_T1S/FreeRTOS-Plus-TCP/include/FreeRTOS_Stream_Buffer.h:138:30:uxStreamBufferGetSize	24	static
../Middlewares/Third_Party/onsemi_Network_onsemi_T1S/onsemi_T1S/FreeRTOS-Plus-TCP/include/FreeRTOS_Stream_Buffer.h:223:30:uxStreamBufferGetPtr	24	static
../Middlewares/Third_Party/onsemi_Network_onsemi_T1S/onsemi_T1S/FreeRTOS-Plus-TCP/include/FreeRTOS_IP_Private.h:800:23:vCastPointerTo_FreeRTOS_Socket_t	16	static
../Middlewares/Third_Party/onsemi_Network_onsemi_T1S/onsemi_T1S/FreeRTOS-Plus-TCP/include/FreeRTOS_IP_Private.h:804:23:vCastConstPointerTo_FreeRTOS_Socket_t	16	static
../Middlewares/Third_Party/onsemi_Network_onsemi_T1S/onsemi_T1S/FreeRTOS-Plus-TCP/include/FreeRTOS_IP_Private.h:965:27:vCastPointerTo_SocketSelect_t	16	static
../Middlewares/Third_Party/onsemi_Network_onsemi_T1S/onsemi_T1S/FreeRTOS-Plus-TCP/source/FreeRTOS_Sockets.c:114:19:vCastPointerTo_NetworkBufferDescriptor_t	16	static
../Middlewares/Third_Party/onsemi_Network_onsemi_T1S/onsemi_T1S/FreeRTOS-Plus-TCP/source/FreeRTOS_Sockets.c:125:19:vCastPointerTo_StreamBuffer_t	16	static
../Middlewares/Third_Party/onsemi_Network_onsemi_T1S/onsemi_T1S/FreeRTOS-Plus-TCP/source/FreeRTOS_Sockets.c:255:19:prvValidSocket	32	static
../Middlewares/Third_Party/onsemi_Network_onsemi_T1S/onsemi_T1S/FreeRTOS-Plus-TCP/source/FreeRTOS_Sockets.c:287:6:vNetworkSocketsInit	8	static
../Middlewares/Third_Party/onsemi_Network_onsemi_T1S/onsemi_T1S/FreeRTOS-Plus-TCP/source/FreeRTOS_Sockets.c:311:19:prvDetermineSocketSize	56	static,ignoring_inline_asm
../Middlewares/Third_Party/onsemi_Network_onsemi_T1S/onsemi_T1S/FreeRTOS-Plus-TCP/source/FreeRTOS_Sockets.c:387:10:FreeRTOS_socket	40	static
../Middlewares/Third_Party/onsemi_Network_onsemi_T1S/onsemi_T1S/FreeRTOS-Plus-TCP/source/FreeRTOS_Sockets.c:512:17:FreeRTOS_CreateSocketSet	16	static
../Middlewares/Third_Party/onsemi_Network_onsemi_T1S/onsemi_T1S/FreeRTOS-Plus-TCP/source/FreeRTOS_Sockets.c:548:10:FreeRTOS_DeleteSocketSet	24	static
../Middlewares/Third_Party/onsemi_Network_onsemi_T1S/onsemi_T1S/FreeRTOS-Plus-TCP/source/FreeRTOS_Sockets.c:572:10:FreeRTOS_FD_SET	40	static,ignoring_inline_asm
../Middlewares/Third_Party/onsemi_Network_onsemi_T1S/onsemi_T1S/FreeRTOS-Plus-TCP/source/FreeRTOS_Sockets.c:613:10:FreeRTOS_FD_CLR	40	static,ignoring_inline_asm
../Middlewares/Third_Party/onsemi_Network_onsemi_T1S/onsemi_T1S/FreeRTOS-Plus-TCP/source/FreeRTOS_Sockets.c:651:17:FreeRTOS_FD_ISSET	32	static,ignoring_inline_asm
../Middlewares/Third_Party/onsemi_Network_onsemi_T1S/onsemi_T1S/FreeRTOS-Plus-TCP/source/FreeRTOS_Sockets.c:692:16:FreeRTOS_select	48	static,ignoring_inline_asm
../Middlewares/Third_Party/onsemi_Network_onsemi_T1S/onsemi_T1S/FreeRTOS-Plus-TCP/source/FreeRTOS_Sockets.c:757:17:prvFindSelectedSocket	32	static
../Middlewares/Third_Party/onsemi_Network_onsemi_T1S/onsemi_T1S/FreeRTOS-Plus-TCP/source/FreeRTOS_Sockets.c:827:9:FreeRTOS_recvfrom	80	static
../Middlewares/Third_Party/onsemi_Network_onsemi_T1S/onsemi_T1S/FreeRTOS-Plus-TCP/source/FreeRTOS_Sockets.c:1021:9:FreeRTOS_sendto	72	static,ignoring_inline_asm
../Middlewares/Third_Party/onsemi_Network_onsemi_T1S/onsemi_T1S/FreeRTOS-Plus-TCP/source/FreeRTOS_Sockets.c:1187:12:FreeRTOS_bind	56	static,ignoring_inline_asm
../Middlewares/Third_Party/onsemi_Network_onsemi_T1S/onsemi_T1S/FreeRTOS-Plus-TCP/source/FreeRTOS_Sockets.c:1268:12:vSocketBind	56	static,ignoring_inline_asm
../Middlewares/Third_Party/onsemi_Network_onsemi_T1S/onsemi_T1S/FreeRTOS-Plus-TCP/source/FreeRTOS_Sockets.c:1419:12:FreeRTOS_closesocket	32	static
../Middlewares/Third_Party/onsemi_Network_onsemi_T1S/onsemi_T1S/FreeRTOS-Plus-TCP/source/FreeRTOS_Sockets.c:1476:8:vSocketClose	24	static
../Middlewares/Third_Party/onsemi_Network_onsemi_T1S/onsemi_T1S/FreeRTOS-Plus-TCP/source/FreeRTOS_Sockets.c:1588:17:prvTCPSetSocketCount	32	static
../Middlewares/Third_Party/onsemi_Network_onsemi_T1S/onsemi_T1S/FreeRTOS-Plus-TCP/source/FreeRTOS_Sockets.c:1634:23:prvSockopt_so_buffer	32	static
../Middlewares/Third_Party/onsemi_Network_onsemi_T1S/onsemi_T1S/FreeRTOS-Plus-TCP/source/FreeRTOS_Sockets.c:1694:12:FreeRTOS_setsockopt	40	static
../Middlewares/Third_Party/onsemi_Network_onsemi_T1S/onsemi_T1S/FreeRTOS-Plus-TCP/source/FreeRTOS_Sockets.c:2068:17:prvGetPrivatePortNumber	32	static
../Middlewares/Third_Party/onsemi_Network_onsemi_T1S/onsemi_T1S/FreeRTOS-Plus-TCP/source/FreeRTOS_Sockets.c:2137:27:pxListFindListItemWithValue	32	static
../Middlewares/Third_Party/onsemi_Network_onsemi_T1S/onsemi_T1S/FreeRTOS-Plus-TCP/source/FreeRTOS_Sockets.c:2172:21:pxUDPSocketLookup	32	static,ignoring_inline_asm
../Middlewares/Third_Party/onsemi_Network_onsemi_T1S/onsemi_T1S/FreeRTOS-Plus-TCP/source/FreeRTOS_Sockets.c:2210:14:FreeRTOS_inet_ntoa	56	static
../Middlewares/Third_Party/onsemi_Network_onsemi_T1S/onsemi_T1S/FreeRTOS-Plus-TCP/source/FreeRTOS_Sockets.c:2295:12:FreeRTOS_inet_pton	32	static
../Middlewares/Third_Party/onsemi_Network_onsemi_T1S/onsemi_T1S/FreeRTOS-Plus-TCP/source/FreeRTOS_Sockets.c:2332:14:FreeRTOS_inet_ntop	32	static
../Middlewares/Third_Party/onsemi_Network_onsemi_T1S/onsemi_T1S/FreeRTOS-Plus-TCP/source/FreeRTOS_Sockets.c:2369:14:FreeRTOS_inet_ntop4	40	static
../Middlewares/Third_Party/onsemi_Network_onsemi_T1S/onsemi_T1S/FreeRTOS-Plus-TCP/source/FreeRTOS_Sockets.c:2404:12:FreeRTOS_inet_pton4	56	static
../Middlewares/Third_Party/onsemi_Network_onsemi_T1S/onsemi_T1S/FreeRTOS-Plus-TCP/source/FreeRTOS_Sockets.c:2511:10:FreeRTOS_inet_addr	24	static
../Middlewares/Third_Party/onsemi_Network_onsemi_T1S/onsemi_T1S/FreeRTOS-Plus-TCP/source/FreeRTOS_Sockets.c:2532:8:FreeRTOS_GetLocalAddress	24	static
../Middlewares/Third_Party/onsemi_Network_onsemi_T1S/onsemi_T1S/FreeRTOS-Plus-TCP/source/FreeRTOS_Sockets.c:2553:6:vSocketWakeUpUser	24	static
../Middlewares/Third_Party/onsemi_Network_onsemi_T1S/onsemi_T1S/FreeRTOS-Plus-TCP/source/FreeRTOS_Sockets.c:2643:23:bMayConnect	24	static
../Middlewares/Third_Party/onsemi_Network_onsemi_T1S/onsemi_T1S/FreeRTOS-Plus-TCP/source/FreeRTOS_Sockets.c:2691:23:prvTCPConnectStart	24	static
../Middlewares/Third_Party/onsemi_Network_onsemi_T1S/onsemi_T1S/FreeRTOS-Plus-TCP/source/FreeRTOS_Sockets.c:2777:16:FreeRTOS_connect	56	static
../Middlewares/Third_Party/onsemi_Network_onsemi_T1S/onsemi_T1S/FreeRTOS-Plus-TCP/source/FreeRTOS_Sockets.c:2864:14:FreeRTOS_accept	72	static
../Middlewares/Third_Party/onsemi_Network_onsemi_T1S/onsemi_T1S/FreeRTOS-Plus-TCP/source/FreeRTOS_Sockets.c:3006:16:FreeRTOS_recv	72	static
../Middlewares/Third_Party/onsemi_Network_onsemi_T1S/onsemi_T1S/FreeRTOS-Plus-TCP/source/FreeRTOS_Sockets.c:3216:20:prvTCPSendCheck	24	static
../Middlewares/Third_Party/onsemi_Network_onsemi_T1S/onsemi_T1S/FreeRTOS-Plus-TCP/source/FreeRTOS_Sockets.c:3280:15:FreeRTOS_get_tx_head	40	static
../Middlewares/Third_Party/onsemi_Network_onsemi_T1S/onsemi_T1S/FreeRTOS-Plus-TCP/source/FreeRTOS_Sockets.c:3326:16:FreeRTOS_send	72	static
../Middlewares/Third_Party/onsemi_Network_onsemi_T1S/onsemi_T1S/FreeRTOS-Plus-TCP/source/FreeRTOS_Sockets.c:3523:16:FreeRTOS_listen	24	static
../Middlewares/Third_Party/onsemi_Network_onsemi_T1S/onsemi_T1S/FreeRTOS-Plus-TCP/source/FreeRTOS_Sockets.c:3594:16:FreeRTOS_shutdown	24	static
../Middlewares/Third_Party/onsemi_Network_onsemi_T1S/onsemi_T1S/FreeRTOS-Plus-TCP/source/FreeRTOS_Sockets.c:3645:16:xTCPTimerCheck	48	static
../Middlewares/Third_Party/onsemi_Network_onsemi_T1S/onsemi_T1S/FreeRTOS-Plus-TCP/source/FreeRTOS_Sockets.c:3741:25:pxTCPSocketLookup	48	static
../Middlewares/Third_Party/onsemi_Network_onsemi_T1S/onsemi_T1S/FreeRTOS-Plus-TCP/source/FreeRTOS_Sockets.c:3804:35:FreeRTOS_get_rx_buf	24	static
../Middlewares/Third_Party/onsemi_Network_onsemi_T1S/onsemi_T1S/FreeRTOS-Plus-TCP/source/FreeRTOS_Sockets.c:3833:29:prvTCPCreateStream	32	static
../Middlewares/Third_Party/onsemi_Network_onsemi_T1S/onsemi_T1S/FreeRTOS-Plus-TCP/source/FreeRTOS_Sockets.c:3921:13:lTCPAddRxdata	40	static
../Middlewares/Third_Party/onsemi_Network_onsemi_T1S/onsemi_T1S/FreeRTOS-Plus-TCP/source/FreeRTOS_Sockets.c:4068:16:FreeRTOS_GetRemoteAddress	24	static
../Middlewares/Third_Party/onsemi_Network_onsemi_T1S/onsemi_T1S/FreeRTOS-Plus-TCP/source/FreeRTOS_Sockets.c:4109:16:FreeRTOS_maywrite	24	static
../Middlewares/Third_Party/onsemi_Network_onsemi_T1S/onsemi_T1S/FreeRTOS-Plus-TCP/source/FreeRTOS_Sockets.c:4155:16:FreeRTOS_tx_space	24	static
../Middlewares/Third_Party/onsemi_Network_onsemi_T1S/onsemi_T1S/FreeRTOS-Plus-TCP/source/FreeRTOS_Sockets.c:4193:16:FreeRTOS_tx_size	24	static
../Middlewares/Third_Party/onsemi_Network_onsemi_T1S/onsemi_T1S/FreeRTOS-Plus-TCP/source/FreeRTOS_Sockets.c:4230:16:FreeRTOS_issocketconnected	24	static
../Middlewares/Third_Party/onsemi_Network_onsemi_T1S/onsemi_T1S/FreeRTOS-Plus-TCP/source/FreeRTOS_Sockets.c:4266:16:FreeRTOS_mss	24	static
../Middlewares/Third_Party/onsemi_Network_onsemi_T1S/onsemi_T1S/FreeRTOS-Plus-TCP/source/FreeRTOS_Sockets.c:4302:16:FreeRTOS_connstatus	24	static
../Middlewares/Third_Party/onsemi_Network_onsemi_T1S/onsemi_T1S/FreeRTOS-Plus-TCP/source/FreeRTOS_Sockets.c:4334:16:FreeRTOS_rx_size	24	static
../Middlewares/Third_Party/onsemi_Network_onsemi_T1S/onsemi_T1S/FreeRTOS-Plus-TCP/source/FreeRTOS_Sockets.c:4393:10:FreeRTOS_netstat	16	static
../Middlewares/Third_Party/onsemi_Network_onsemi_T1S/onsemi_T1S/FreeRTOS-Plus-TCP/source/FreeRTOS_Sockets.c:4413:10:vTCPNetStat	80	static,ignoring_inline_asm
../Middlewares/Third_Party/onsemi_Network_onsemi_T1S/onsemi_T1S/FreeRTOS-Plus-TCP/source/FreeRTOS_Sockets.c:4500:10:vSocketSelect	56	static
