../Middlewares/Third_Party/onsemi_Network_onsemi_T1S/onsemi_T1S/FreeRTOS-Plus-TCP/include/FreeRTOS_IP_Private.h:91:23:vCastPointerTo_EthernetHeader_t	16	static
../Middlewares/Third_Party/onsemi_Network_onsemi_T1S/onsemi_T1S/FreeRTOS-Plus-TCP/include/FreeRTOS_IP_Private.h:96:23:vCastConstPointerTo_EthernetHeader_t	16	static
../Middlewares/Third_Party/onsemi_Network_onsemi_T1S/onsemi_T1S/FreeRTOS-Plus-TCP/include/FreeRTOS_IP_Private.h:211:23:vCastPointerTo_ARPPacket_t	16	static
../Middlewares/Third_Party/onsemi_Network_onsemi_T1S/onsemi_T1S/FreeRTOS-Plus-TCP/include/FreeRTOS_IP_Private.h:230:23:vCastPointerTo_IPPacket_t	16	static
../Middlewares/Third_Party/onsemi_Network_onsemi_T1S/onsemi_T1S/FreeRTOS-Plus-TCP/include/FreeRTOS_IP_Private.h:234:23:vCastConstPointerTo_IPPacket_t	16	static
../Middlewares/Third_Party/onsemi_Network_onsemi_T1S/onsemi_T1S/FreeRTOS-Plus-TCP/include/FreeRTOS_IP_Private.h:250:23:vCastPointerTo_ICMPPacket_t	16	static
../Middlewares/Third_Party/onsemi_Network_onsemi_T1S/onsemi_T1S/FreeRTOS-Plus-TCP/include/FreeRTOS_IP_Private.h:270:23:vCastConstPointerTo_UDPPacket_t	16	static
../Middlewares/Third_Party/onsemi_Network_onsemi_T1S/onsemi_T1S/FreeRTOS-Plus-TCP/include/FreeRTOS_IP_Private.h:312:23:vCastConstPointerTo_ProtocolPacket_t	16	static
../Middlewares/Third_Party/onsemi_Network_onsemi_T1S/onsemi_T1S/FreeRTOS-Plus-TCP/include/FreeRTOS_IP_Private.h:800:23:vCastPointerTo_FreeRTOS_Socket_t	16	static
../Middlewares/Third_Party/onsemi_Network_onsemi_T1S/onsemi_T1S/FreeRTOS-Plus-TCP/include/FreeRTOS_IP_Private.h:965:27:vCastPointerTo_SocketSelect_t	16	static
../Middlewares/Third_Party/onsemi_Network_onsemi_T1S/onsemi_T1S/FreeRTOS-Plus-TCP/source/FreeRTOS_IP.c:186:19:vCastPointerTo_NetworkBufferDescriptor_t	16	static
../Middlewares/Third_Party/onsemi_Network_onsemi_T1S/onsemi_T1S/FreeRTOS-Plus-TCP/source/FreeRTOS_IP.c:369:13:prvIPTask	48	static
../Middlewares/Third_Party/onsemi_Network_onsemi_T1S/onsemi_T1S/FreeRTOS-Plus-TCP/source/FreeRTOS_IP.c:620:12:xIsCallingFromIPTask	16	static
../Middlewares/Third_Party/onsemi_Network_onsemi_T1S/onsemi_T1S/FreeRTOS-Plus-TCP/source/FreeRTOS_IP.c:643:13:prvHandleEthernetPacket	16	static
../Middlewares/Third_Party/onsemi_Network_onsemi_T1S/onsemi_T1S/FreeRTOS-Plus-TCP/source/FreeRTOS_IP.c:688:19:prvCalculateSleepTime	16	static
../Middlewares/Third_Party/onsemi_Network_onsemi_T1S/onsemi_T1S/FreeRTOS-Plus-TCP/source/FreeRTOS_IP.c:745:13:prvCheckNetworkTimers	24	static
../Middlewares/Third_Party/onsemi_Network_onsemi_T1S/onsemi_T1S/FreeRTOS-Plus-TCP/source/FreeRTOS_IP.c:821:13:prvIPTimerStart	16	static
../Middlewares/Third_Party/onsemi_Network_onsemi_T1S/onsemi_T1S/FreeRTOS-Plus-TCP/source/FreeRTOS_IP.c:846:13:prvIPTimerReload	16	static
../Middlewares/Third_Party/onsemi_Network_onsemi_T1S/onsemi_T1S/FreeRTOS-Plus-TCP/source/FreeRTOS_IP.c:861:19:prvIPTimerCheck	24	static
../Middlewares/Third_Party/onsemi_Network_onsemi_T1S/onsemi_T1S/FreeRTOS-Plus-TCP/source/FreeRTOS_IP.c:902:6:FreeRTOS_NetworkDown	16	static
../Middlewares/Third_Party/onsemi_Network_onsemi_T1S/onsemi_T1S/FreeRTOS-Plus-TCP/source/FreeRTOS_IP.c:931:12:FreeRTOS_NetworkDownFromISR	16	static
../Middlewares/Third_Party/onsemi_Network_onsemi_T1S/onsemi_T1S/FreeRTOS-Plus-TCP/source/FreeRTOS_IP.c:962:8:FreeRTOS_GetUDPPayloadBuffer	32	static
../Middlewares/Third_Party/onsemi_Network_onsemi_T1S/onsemi_T1S/FreeRTOS-Plus-TCP/source/FreeRTOS_IP.c:1004:29:pxDuplicateNetworkBufferWithDescriptor	24	static
../Middlewares/Third_Party/onsemi_Network_onsemi_T1S/onsemi_T1S/FreeRTOS-Plus-TCP/source/FreeRTOS_IP.c:1039:36:prvPacketBuffer_to_NetworkBuffer	24	static
../Middlewares/Third_Party/onsemi_Network_onsemi_T1S/onsemi_T1S/FreeRTOS-Plus-TCP/source/FreeRTOS_IP.c:1087:33:pxPacketBuffer_to_NetworkBuffer	16	static
../Middlewares/Third_Party/onsemi_Network_onsemi_T1S/onsemi_T1S/FreeRTOS-Plus-TCP/source/FreeRTOS_IP.c:1102:29:pxUDPPayloadBuffer_to_NetworkBuffer	16	static
../Middlewares/Third_Party/onsemi_Network_onsemi_T1S/onsemi_T1S/FreeRTOS-Plus-TCP/source/FreeRTOS_IP.c:1113:6:FreeRTOS_ReleaseUDPPayloadBuffer	16	static
../Middlewares/Third_Party/onsemi_Network_onsemi_T1S/onsemi_T1S/FreeRTOS-Plus-TCP/source/FreeRTOS_IP.c:1137:12:FreeRTOS_IPInit	64	static,ignoring_inline_asm
../Middlewares/Third_Party/onsemi_Network_onsemi_T1S/onsemi_T1S/FreeRTOS-Plus-TCP/source/FreeRTOS_IP.c:1256:6:FreeRTOS_GetAddressConfiguration	24	static
../Middlewares/Third_Party/onsemi_Network_onsemi_T1S/onsemi_T1S/FreeRTOS-Plus-TCP/source/FreeRTOS_IP.c:1294:6:FreeRTOS_SetAddressConfiguration	24	static
../Middlewares/Third_Party/onsemi_Network_onsemi_T1S/onsemi_T1S/FreeRTOS-Plus-TCP/source/FreeRTOS_IP.c:1427:12:xSendEventToIPTask	32	static
../Middlewares/Third_Party/onsemi_Network_onsemi_T1S/onsemi_T1S/FreeRTOS-Plus-TCP/source/FreeRTOS_IP.c:1447:12:xSendEventStructToIPTask	32	static
../Middlewares/Third_Party/onsemi_Network_onsemi_T1S/onsemi_T1S/FreeRTOS-Plus-TCP/source/FreeRTOS_IP.c:1541:26:eConsiderFrameForProcessing	32	static
../Middlewares/Third_Party/onsemi_Network_onsemi_T1S/onsemi_T1S/FreeRTOS-Plus-TCP/source/FreeRTOS_IP.c:1599:13:prvProcessNetworkDownEvent	8	static
../Middlewares/Third_Party/onsemi_Network_onsemi_T1S/onsemi_T1S/FreeRTOS-Plus-TCP/source/FreeRTOS_IP.c:1657:6:vIPNetworkUpCalls	8	static
../Middlewares/Third_Party/onsemi_Network_onsemi_T1S/onsemi_T1S/FreeRTOS-Plus-TCP/source/FreeRTOS_IP.c:1687:13:prvProcessEthernetPacket	32	static,ignoring_inline_asm
../Middlewares/Third_Party/onsemi_Network_onsemi_T1S/onsemi_T1S/FreeRTOS-Plus-TCP/source/FreeRTOS_IP.c:1788:12:xIsIPv4Multicast	24	static
../Middlewares/Third_Party/onsemi_Network_onsemi_T1S/onsemi_T1S/FreeRTOS-Plus-TCP/source/FreeRTOS_IP.c:1812:6:vSetMultiCastIPv4MacAddress	24	static
../Middlewares/Third_Party/onsemi_Network_onsemi_T1S/onsemi_T1S/FreeRTOS-Plus-TCP/source/FreeRTOS_IP.c:1835:33:prvAllowIPPacket	40	static
../Middlewares/Third_Party/onsemi_Network_onsemi_T1S/onsemi_T1S/FreeRTOS-Plus-TCP/source/FreeRTOS_IP.c:1992:33:prvProcessIPPacket	72	static
../Middlewares/Third_Party/onsemi_Network_onsemi_T1S/onsemi_T1S/FreeRTOS-Plus-TCP/source/FreeRTOS_IP.c:2233:37:prvProcessICMPEchoRequest	32	static
../Middlewares/Third_Party/onsemi_Network_onsemi_T1S/onsemi_T1S/FreeRTOS-Plus-TCP/source/FreeRTOS_IP.c:2286:37:prvProcessICMPPacket	24	static
../Middlewares/Third_Party/onsemi_Network_onsemi_T1S/onsemi_T1S/FreeRTOS-Plus-TCP/source/FreeRTOS_IP.c:2471:10:usGenerateProtocolChecksum	64	static
../Middlewares/Third_Party/onsemi_Network_onsemi_T1S/onsemi_T1S/FreeRTOS-Plus-TCP/source/FreeRTOS_IP.c:2795:10:usGenerateChecksum	64	static
../Middlewares/Third_Party/onsemi_Network_onsemi_T1S/onsemi_T1S/FreeRTOS-Plus-TCP/source/FreeRTOS_IP.c:2949:6:vReturnEthernetFrame	32	static
../Middlewares/Third_Party/onsemi_Network_onsemi_T1S/onsemi_T1S/FreeRTOS-Plus-TCP/source/FreeRTOS_IP.c:3042:10:vPrintResourceStats	16	static
../Middlewares/Third_Party/onsemi_Network_onsemi_T1S/onsemi_T1S/FreeRTOS-Plus-TCP/source/FreeRTOS_IP.c:3113:10:FreeRTOS_GetIPAddress	4	static
../Middlewares/Third_Party/onsemi_Network_onsemi_T1S/onsemi_T1S/FreeRTOS-Plus-TCP/source/FreeRTOS_IP.c:3124:6:FreeRTOS_SetIPAddress	16	static
../Middlewares/Third_Party/onsemi_Network_onsemi_T1S/onsemi_T1S/FreeRTOS-Plus-TCP/source/FreeRTOS_IP.c:3136:10:FreeRTOS_GetGatewayAddress	4	static
../Middlewares/Third_Party/onsemi_Network_onsemi_T1S/onsemi_T1S/FreeRTOS-Plus-TCP/source/FreeRTOS_IP.c:3147:10:FreeRTOS_GetDNSServerAddress	4	static
../Middlewares/Third_Party/onsemi_Network_onsemi_T1S/onsemi_T1S/FreeRTOS-Plus-TCP/source/FreeRTOS_IP.c:3158:10:FreeRTOS_GetNetmask	4	static
../Middlewares/Third_Party/onsemi_Network_onsemi_T1S/onsemi_T1S/FreeRTOS-Plus-TCP/source/FreeRTOS_IP.c:3169:6:FreeRTOS_UpdateMACAddress	16	static
../Middlewares/Third_Party/onsemi_Network_onsemi_T1S/onsemi_T1S/FreeRTOS-Plus-TCP/source/FreeRTOS_IP.c:3181:17:FreeRTOS_GetMACAddress	4	static
../Middlewares/Third_Party/onsemi_Network_onsemi_T1S/onsemi_T1S/FreeRTOS-Plus-TCP/source/FreeRTOS_IP.c:3192:6:FreeRTOS_SetNetmask	16	static
../Middlewares/Third_Party/onsemi_Network_onsemi_T1S/onsemi_T1S/FreeRTOS-Plus-TCP/source/FreeRTOS_IP.c:3203:6:FreeRTOS_SetGatewayAddress	16	static
../Middlewares/Third_Party/onsemi_Network_onsemi_T1S/onsemi_T1S/FreeRTOS-Plus-TCP/source/FreeRTOS_IP.c:3285:12:xIPIsNetworkTaskReady	4	static
../Middlewares/Third_Party/onsemi_Network_onsemi_T1S/onsemi_T1S/FreeRTOS-Plus-TCP/source/FreeRTOS_IP.c:3296:12:FreeRTOS_IsNetworkUp	4	static
../Middlewares/Third_Party/onsemi_Network_onsemi_T1S/onsemi_T1S/FreeRTOS-Plus-TCP/source/FreeRTOS_IP.c:3326:14:FreeRTOS_strerror_r	32	static
../Middlewares/Third_Party/onsemi_Network_onsemi_T1S/onsemi_T1S/FreeRTOS-Plus-TCP/source/FreeRTOS_IP.c:3416:12:xApplicationGetRandomNumber	16	static
../Middlewares/Third_Party/onsemi_Network_onsemi_T1S/onsemi_T1S/FreeRTOS-Plus-TCP/source/FreeRTOS_IP.c:3422:10:ulApplicationGetNextSequenceNumber	24	static
