../Core/Src/main.c:90:5:main	8	static
../Core/Src/main.c:172:6:SystemClock_Config	96	static
../Core/Src/main.c:223:13:MX_SPI1_Init	8	static
../Core/Src/main.c:263:13:MX_TIM2_Init	48	static
../Core/Src/main.c:312:13:MX_USART2_UART_Init	8	static
../Core/Src/main.c:345:13:MX_DMA_Init	16	static
../Core/Src/main.c:367:13:MX_GPIO_Init	40	static
../Core/Src/main.c:408:6:StartDefaultTask	16	static
../Core/Src/main.c:428:6:HAL_TIM_PeriodElapsedCallback	16	static
../Core/Src/main.c:445:6:Error_Handler	4	static,ignoring_inline_asm
